[0m20:57:14.031078 [debug] [MainThread]: Sending event: {'category': 'dbt', 'action': 'invocation', 'label': 'start', 'context': [<snowplow_tracker.self_describing_json.SelfDescribingJson object at 0x000002782652E120>, <snowplow_tracker.self_describing_json.SelfDescribingJson object at 0x0000027828CF3D90>, <snowplow_tracker.self_describing_json.SelfDescribingJson object at 0x0000027828CF3890>]}


============================== 20:57:14.041043 | 4ac2c202-34a3-4ef1-9bd2-8d574c5d88bb ==============================
[0m20:57:14.041043 [info ] [MainThread]: Running with dbt=1.12.3
[0m20:57:14.042049 [debug] [MainThread]: running dbt with arguments {'static_parser': 'True', 'no_print': 'None', 'version_check': 'True', 'target_path': 'None', 'warn_error_options': 'WarnErrorOptionsV2(error=[], warn=[], silence=[])', 'maximum_seed_size_mib': '1', 'printer_width': '80', 'write_json': 'True', 'empty': 'None', 'log_cache_events': 'False', 'introspect': 'True', 'cache_selected_only': 'False', 'fail_fast': 'False', 'debug': 'False', 'log_format': 'default', 'profiles_dir': 'C:\\Users\\kanwa\\.dbt', 'send_anonymous_usage_stats': 'True', 'quiet': 'False', 'warn_error': 'None', 'partial_parse': 'True', 'indirect_selection': 'eager', 'hints_enabled': 'True', 'use_colors': 'True', 'use_experimental_parser': 'False', 'invocation_command': 'dbt init modern_analytics', 'log_path': 'logs'}
[0m20:57:14.066004 [info ] [MainThread]: Creating dbt configuration folder at C:\Users\kanwa\.dbt
[0m20:57:14.069033 [debug] [MainThread]: Starter project path: C:\Users\kanwa\Downloads\thesis practical\dissertation-analytics\.venv-modern\Lib\site-packages\dbt\include\starter_project
[0m20:57:14.104935 [info ] [MainThread]: Setting up your profile.
[0m21:00:01.693011 [info ] [MainThread]: Profile modern_analytics written to C:\Users\kanwa\.dbt\profiles.yml using target's profile_template.yml and your supplied values.
[0m21:00:01.695470 [info ] [MainThread]: Running dbt debug to validate the project...
[0m21:00:01.696149 [info ] [MainThread]: dbt version: 1.12.3
[0m21:00:01.696516 [info ] [MainThread]: python version: 3.13.5
[0m21:00:01.696979 [info ] [MainThread]: python path: C:\Users\kanwa\Downloads\thesis practical\dissertation-analytics\.venv-modern\Scripts\python.exe
[0m21:00:01.697513 [info ] [MainThread]: os info: Windows-11-10.0.26200-SP0
[0m21:00:01.770617 [info ] [MainThread]: Using profiles dir at C:\Users\kanwa\.dbt
[0m21:00:01.771331 [info ] [MainThread]: Using profiles.yml file at C:\Users\kanwa\.dbt\profiles.yml
[0m21:00:01.771763 [info ] [MainThread]: Using dbt_project.yml file at C:\Users\kanwa\Downloads\thesis practical\dissertation-analytics\modern\dbt\modern_analytics\dbt_project.yml
[0m21:00:01.773031 [info ] [MainThread]: adapter type: postgres
[0m21:00:01.773465 [info ] [MainThread]: adapter version: 1.11.0
[0m21:00:01.876037 [info ] [MainThread]: Configuration:
[0m21:00:01.876599 [info ] [MainThread]:   profiles.yml file [[32mOK found and valid[0m]
[0m21:00:01.877108 [info ] [MainThread]:   dbt_project.yml file [[32mOK found and valid[0m]
[0m21:00:01.877551 [info ] [MainThread]: Required dependencies:
[0m21:00:01.877906 [debug] [MainThread]: Executing "git --help"
[0m21:00:01.940128 [debug] [MainThread]: STDOUT: "b"usage: git [-v | --version] [-h | --help] [-C <path>] [-c <name>=<value>]\n           [--exec-path[=<path>]] [--html-path] [--man-path] [--info-path]\n           [-p | --paginate | -P | --no-pager] [--no-replace-objects] [--no-lazy-fetch]\n           [--no-optional-locks] [--no-advice] [--bare] [--git-dir=<path>]\n           [--work-tree=<path>] [--namespace=<name>] [--config-env=<name>=<envvar>]\n           <command> [<args>]\n\nThese are common Git commands used in various situations:\n\nstart a working area (see also: git help tutorial)\n   clone      Clone a repository into a new directory\n   init       Create an empty Git repository or reinitialize an existing one\n\nwork on the current change (see also: git help everyday)\n   add        Add file contents to the index\n   mv         Move or rename a file, a directory, or a symlink\n   restore    Restore working tree files\n   rm         Remove files from the working tree and from the index\n\nexamine the history and state (see also: git help revisions)\n   bisect     Use binary search to find the commit that introduced a bug\n   diff       Show changes between commits, commit and working tree, etc\n   grep       Print lines matching a pattern\n   log        Show commit logs\n   show       Show various types of objects\n   status     Show the working tree status\n\ngrow, mark and tweak your common history\n   backfill   Download missing objects in a partial clone\n   branch     List, create, or delete branches\n   commit     Record changes to the repository\n   history    EXPERIMENTAL: Rewrite history\n   merge      Join two or more development histories together\n   rebase     Reapply commits on top of another base tip\n   reset      Set `HEAD` or the index to a known state\n   switch     Switch branches\n   tag        Create, list, delete or verify tags\n\ncollaborate (see also: git help workflows)\n   fetch      Download objects and refs from another repository\n   pull       Fetch from and integrate with another repository or a local branch\n   push       Update remote refs along with associated objects\n\n'git help -a' and 'git help -g' list available subcommands and some\nconcept guides. See 'git help <command>' or 'git help <concept>'\nto read about a specific subcommand or concept.\nSee 'git help git' for an overview of the system.\n""
[0m21:00:01.940673 [debug] [MainThread]: STDERR: "b''"
[0m21:00:01.941068 [info ] [MainThread]:  - git [[32mOK found[0m]

[0m21:00:01.941458 [info ] [MainThread]: Connection:
[0m21:00:01.941864 [info ] [MainThread]:   host: localhost
[0m21:00:01.942206 [info ] [MainThread]:   port: 5432
[0m21:00:01.942601 [info ] [MainThread]:   user: postgres
[0m21:00:01.942896 [info ] [MainThread]:   database: dissertation_analytics
[0m21:00:01.943194 [info ] [MainThread]:   schema: modern_dw
[0m21:00:01.943471 [info ] [MainThread]:   connect_timeout: 10
[0m21:00:01.943736 [info ] [MainThread]:   role: None
[0m21:00:01.943986 [info ] [MainThread]:   search_path: None
[0m21:00:01.944349 [info ] [MainThread]:   keepalives_idle: 0
[0m21:00:01.944732 [info ] [MainThread]:   sslmode: None
[0m21:00:01.945036 [info ] [MainThread]:   sslcert: None
[0m21:00:01.945318 [info ] [MainThread]:   sslkey: None
[0m21:00:01.945575 [info ] [MainThread]:   sslrootcert: None
[0m21:00:01.945932 [info ] [MainThread]:   application_name: dbt
[0m21:00:01.946389 [info ] [MainThread]:   autocommit: False
[0m21:00:01.946823 [info ] [MainThread]:   retries: 1
[0m21:00:01.947523 [info ] [MainThread]: Registered adapter: postgres=1.11.0
[0m21:00:02.225655 [debug] [MainThread]: Acquiring new postgres connection 'debug'
[0m21:00:08.322089 [debug] [MainThread]: Using postgres connection "debug"
[0m21:00:08.322502 [debug] [MainThread]: On debug: select 1 as id
[0m21:00:08.322801 [debug] [MainThread]: Opening a new connection, currently in state init
[0m21:00:08.370685 [debug] [MainThread]: SQL status: SELECT 1 in 0.048 seconds
[0m21:00:08.371624 [debug] [MainThread]: On debug: Close
[0m21:00:08.372027 [info ] [MainThread]:   Connection test: [[32mOK connection ok[0m]

[0m21:00:08.372421 [info ] [MainThread]: [32mAll checks passed![0m
[0m21:00:08.372883 [info ] [MainThread]: Your new dbt project "modern_analytics" was created!
Initialized new project in C:\Users\kanwa\Downloads\thesis practical\dissertation-analytics\modern\dbt\modern_analytics\modern_analytics

For more information on how to configure the profiles.yml file,
please consult the dbt documentation here:

  https://docs.getdbt.com/docs/configure-your-profile

One more thing:

Need help? Don't hesitate to reach out to us via GitHub issues or on Slack:

  https://community.getdbt.com/

Happy modeling!

[0m21:00:08.373971 [debug] [MainThread]: Command `dbt init` succeeded at 21:00:08.373841 after 174.60 seconds
[0m21:00:08.374336 [debug] [MainThread]: Connection 'debug' was properly closed.
[0m21:00:08.374659 [debug] [MainThread]: Sending event: {'category': 'dbt', 'action': 'invocation', 'label': 'end', 'context': [<snowplow_tracker.self_describing_json.SelfDescribingJson object at 0x00000278292D1A70>, <snowplow_tracker.self_describing_json.SelfDescribingJson object at 0x0000027828BA70B0>, <snowplow_tracker.self_describing_json.SelfDescribingJson object at 0x000002782933F790>]}
[0m21:00:08.375009 [debug] [MainThread]: Flushing usage events
[0m21:00:09.182855 [debug] [MainThread]: An error was encountered while trying to flush usage events
[0m21:00:24.810822 [debug] [MainThread]: Sending event: {'category': 'dbt', 'action': 'invocation', 'label': 'start', 'context': [<snowplow_tracker.self_describing_json.SelfDescribingJson object at 0x000002AD254CE120>, <snowplow_tracker.self_describing_json.SelfDescribingJson object at 0x000002AD27C93D90>, <snowplow_tracker.self_describing_json.SelfDescribingJson object at 0x000002AD27C93890>]}


============================== 21:00:24.815527 | c2692d64-9664-44dc-8e46-c0971e08804d ==============================
[0m21:00:24.815527 [info ] [MainThread]: Running with dbt=1.12.3
[0m21:00:24.816234 [debug] [MainThread]: running dbt with arguments {'version_check': 'True', 'no_print': 'None', 'maximum_seed_size_mib': '1', 'warn_error_options': 'WarnErrorOptionsV2(error=[], warn=[], silence=[])', 'static_parser': 'True', 'target_path': 'None', 'printer_width': '80', 'write_json': 'True', 'empty': 'None', 'log_cache_events': 'False', 'introspect': 'True', 'cache_selected_only': 'False', 'log_format': 'default', 'debug': 'False', 'fail_fast': 'False', 'partial_parse': 'True', 'send_anonymous_usage_stats': 'True', 'quiet': 'False', 'warn_error': 'None', 'profiles_dir': 'C:\\Users\\kanwa\\.dbt', 'indirect_selection': 'eager', 'hints_enabled': 'True', 'invocation_command': 'dbt debug', 'use_experimental_parser': 'False', 'use_colors': 'True', 'log_path': 'logs'}
[0m21:00:24.841659 [info ] [MainThread]: dbt version: 1.12.3
[0m21:00:24.842230 [info ] [MainThread]: python version: 3.13.5
[0m21:00:24.842733 [info ] [MainThread]: python path: C:\Users\kanwa\Downloads\thesis practical\dissertation-analytics\.venv-modern\Scripts\python.exe
[0m21:00:24.843162 [info ] [MainThread]: os info: Windows-11-10.0.26200-SP0
[0m21:00:24.905953 [info ] [MainThread]: Using profiles dir at C:\Users\kanwa\.dbt
[0m21:00:24.906654 [info ] [MainThread]: Using profiles.yml file at C:\Users\kanwa\.dbt\profiles.yml
[0m21:00:24.907102 [info ] [MainThread]: Using dbt_project.yml file at C:\Users\kanwa\Downloads\thesis practical\dissertation-analytics\modern\dbt\dbt_project.yml
[0m21:00:24.908230 [info ] [MainThread]: adapter type: postgres
[0m21:00:24.908649 [info ] [MainThread]: adapter version: 1.11.0
[0m21:00:24.909159 [info ] [MainThread]: Configuration:
[0m21:00:24.909761 [info ] [MainThread]:   profiles.yml file [[32mOK found and valid[0m]
[0m21:00:24.910159 [info ] [MainThread]:   dbt_project.yml file [[31mERROR not found[0m]
[0m21:00:24.910496 [info ] [MainThread]: Required dependencies:
[0m21:00:24.910944 [debug] [MainThread]: Executing "git --help"
[0m21:00:24.967844 [debug] [MainThread]: STDOUT: "b"usage: git [-v | --version] [-h | --help] [-C <path>] [-c <name>=<value>]\n           [--exec-path[=<path>]] [--html-path] [--man-path] [--info-path]\n           [-p | --paginate | -P | --no-pager] [--no-replace-objects] [--no-lazy-fetch]\n           [--no-optional-locks] [--no-advice] [--bare] [--git-dir=<path>]\n           [--work-tree=<path>] [--namespace=<name>] [--config-env=<name>=<envvar>]\n           <command> [<args>]\n\nThese are common Git commands used in various situations:\n\nstart a working area (see also: git help tutorial)\n   clone      Clone a repository into a new directory\n   init       Create an empty Git repository or reinitialize an existing one\n\nwork on the current change (see also: git help everyday)\n   add        Add file contents to the index\n   mv         Move or rename a file, a directory, or a symlink\n   restore    Restore working tree files\n   rm         Remove files from the working tree and from the index\n\nexamine the history and state (see also: git help revisions)\n   bisect     Use binary search to find the commit that introduced a bug\n   diff       Show changes between commits, commit and working tree, etc\n   grep       Print lines matching a pattern\n   log        Show commit logs\n   show       Show various types of objects\n   status     Show the working tree status\n\ngrow, mark and tweak your common history\n   backfill   Download missing objects in a partial clone\n   branch     List, create, or delete branches\n   commit     Record changes to the repository\n   history    EXPERIMENTAL: Rewrite history\n   merge      Join two or more development histories together\n   rebase     Reapply commits on top of another base tip\n   reset      Set `HEAD` or the index to a known state\n   switch     Switch branches\n   tag        Create, list, delete or verify tags\n\ncollaborate (see also: git help workflows)\n   fetch      Download objects and refs from another repository\n   pull       Fetch from and integrate with another repository or a local branch\n   push       Update remote refs along with associated objects\n\n'git help -a' and 'git help -g' list available subcommands and some\nconcept guides. See 'git help <command>' or 'git help <concept>'\nto read about a specific subcommand or concept.\nSee 'git help git' for an overview of the system.\n""
[0m21:00:24.968354 [debug] [MainThread]: STDERR: "b''"
[0m21:00:24.968732 [info ] [MainThread]:  - git [[32mOK found[0m]

[0m21:00:24.969245 [info ] [MainThread]: Connection:
[0m21:00:24.969645 [info ] [MainThread]:   host: localhost
[0m21:00:24.970161 [info ] [MainThread]:   port: 5432
[0m21:00:24.970476 [info ] [MainThread]:   user: postgres
[0m21:00:24.970844 [info ] [MainThread]:   database: dissertation_analytics
[0m21:00:24.971296 [info ] [MainThread]:   schema: modern_dw
[0m21:00:24.971845 [info ] [MainThread]:   connect_timeout: 10
[0m21:00:24.972215 [info ] [MainThread]:   role: None
[0m21:00:24.972607 [info ] [MainThread]:   search_path: None
[0m21:00:24.973041 [info ] [MainThread]:   keepalives_idle: 0
[0m21:00:24.973371 [info ] [MainThread]:   sslmode: None
[0m21:00:24.973648 [info ] [MainThread]:   sslcert: None
[0m21:00:24.974048 [info ] [MainThread]:   sslkey: None
[0m21:00:24.974370 [info ] [MainThread]:   sslrootcert: None
[0m21:00:24.974637 [info ] [MainThread]:   application_name: dbt
[0m21:00:24.974984 [info ] [MainThread]:   autocommit: False
[0m21:00:24.975407 [info ] [MainThread]:   retries: 1
[0m21:00:24.976038 [info ] [MainThread]: Registered adapter: postgres=1.11.0
[0m21:00:25.241586 [debug] [MainThread]: Acquiring new postgres connection 'debug'
[0m21:00:25.303101 [debug] [MainThread]: Using postgres connection "debug"
[0m21:00:25.303468 [debug] [MainThread]: On debug: select 1 as id
[0m21:00:25.303731 [debug] [MainThread]: Opening a new connection, currently in state init
[0m21:00:25.404100 [debug] [MainThread]: SQL status: SELECT 1 in 0.100 seconds
[0m21:00:25.405601 [debug] [MainThread]: On debug: Close
[0m21:00:25.406232 [info ] [MainThread]:   Connection test: [[32mOK connection ok[0m]

[0m21:00:25.407039 [info ] [MainThread]: [31m1 check failed:[0m
[0m21:00:25.407721 [info ] [MainThread]: Project loading failed for the following reason:
 project path <C:\Users\kanwa\Downloads\thesis practical\dissertation-analytics\modern\dbt\dbt_project.yml> not found

[0m21:00:25.408722 [debug] [MainThread]: Command `dbt debug` failed at 21:00:25.408593 after 0.86 seconds
[0m21:00:25.409076 [debug] [MainThread]: Connection 'debug' was properly closed.
[0m21:00:25.409439 [debug] [MainThread]: Sending event: {'category': 'dbt', 'action': 'invocation', 'label': 'end', 'context': [<snowplow_tracker.self_describing_json.SelfDescribingJson object at 0x000002AD282B5E00>, <snowplow_tracker.self_describing_json.SelfDescribingJson object at 0x000002AD28454950>, <snowplow_tracker.self_describing_json.SelfDescribingJson object at 0x000002AD27D8BAC0>]}
[0m21:00:25.409902 [debug] [MainThread]: Flushing usage events
[0m21:00:26.310267 [debug] [MainThread]: An error was encountered while trying to flush usage events
